{
    "events": {
        "fcd25a95bd2f4fb183c0d00854cda07ddb0c3693": {
            "parent": "",
            "handler": "SET",
            "args": {
                "path": [],
                "value": {
                    "abc": "xyz"
                }
            }
        }
    },
    "timestamps": [
        "fcd25a95bd2f4fb183c0d00854cda07ddb0c3693"
    ]
}
